docs/qa/inventory_weapon_reload/astra_final/REPORT.md: OK
docs/qa/inventory_weapon_reload/astra_final/addon_hashes.json: OK
docs/qa/inventory_weapon_reload/astra_final/addon_status.log: OK
docs/qa/inventory_weapon_reload/astra_final/authority_replay_contract.log: OK
docs/qa/inventory_weapon_reload/astra_final/authority_replay_contract_runner.json: OK
docs/qa/inventory_weapon_reload/astra_final/baseline.json: OK
docs/qa/inventory_weapon_reload/astra_final/capacity.log: OK
docs/qa/inventory_weapon_reload/astra_final/capacity_results.json: OK
docs/qa/inventory_weapon_reload/astra_final/capacity_runner.json: OK
docs/qa/inventory_weapon_reload/astra_final/capacity_suite.json: OK
docs/qa/inventory_weapon_reload/astra_final/combined_addons_smoke.log: OK
docs/qa/inventory_weapon_reload/astra_final/combined_addons_smoke_runner.json: OK
docs/qa/inventory_weapon_reload/astra_final/content_contract.log: OK
docs/qa/inventory_weapon_reload/astra_final/content_contract_runner.json: OK
docs/qa/inventory_weapon_reload/astra_final/dependency_hashes.json: OK
docs/qa/inventory_weapon_reload/astra_final/diff_check.log: OK
docs/qa/inventory_weapon_reload/astra_final/diff_check_runner.json: OK
docs/qa/inventory_weapon_reload/astra_final/editor_import.log: OK
docs/qa/inventory_weapon_reload/astra_final/editor_import_runner.json: OK
docs/qa/inventory_weapon_reload/astra_final/equipped_item_reconciliation_contract.log: OK
docs/qa/inventory_weapon_reload/astra_final/equipped_item_reconciliation_contract_runner.json: OK
docs/qa/inventory_weapon_reload/astra_final/final_diff_check.log: OK
docs/qa/inventory_weapon_reload/astra_final/final_status.log: OK
docs/qa/inventory_weapon_reload/astra_final/finalize_packet.py: OK
docs/qa/inventory_weapon_reload/astra_final/flow.log: OK
docs/qa/inventory_weapon_reload/astra_final/flow_results.json: OK
docs/qa/inventory_weapon_reload/astra_final/flow_runner.json: OK
docs/qa/inventory_weapon_reload/astra_final/flow_suite.json: OK
docs/qa/inventory_weapon_reload/astra_final/gate_result.json: OK
docs/qa/inventory_weapon_reload/astra_final/history/initial_runner_attempt.md: OK
docs/qa/inventory_weapon_reload/astra_final/history/initial_seal_wrong_cwd.log: OK
docs/qa/inventory_weapon_reload/astra_final/identity_contract.log: OK
docs/qa/inventory_weapon_reload/astra_final/identity_contract_runner.json: OK
docs/qa/inventory_weapon_reload/astra_final/independent_capacity.gd: OK
docs/qa/inventory_weapon_reload/astra_final/independent_flow.gd: OK
docs/qa/inventory_weapon_reload/astra_final/inventory_authority_contract.log: OK
docs/qa/inventory_weapon_reload/astra_final/inventory_authority_contract_runner.json: OK
docs/qa/inventory_weapon_reload/astra_final/inventory_catalog_contract.log: OK
docs/qa/inventory_weapon_reload/astra_final/inventory_catalog_contract_runner.json: OK
docs/qa/inventory_weapon_reload/astra_final/inventory_intent_adapter_contract.log: OK
docs/qa/inventory_weapon_reload/astra_final/inventory_intent_adapter_contract_runner.json: OK
docs/qa/inventory_weapon_reload/astra_final/inventory_multi_controller_contract.log: OK
docs/qa/inventory_weapon_reload/astra_final/inventory_multi_controller_contract_runner.json: OK
docs/qa/inventory_weapon_reload/astra_final/inventory_mutation_routing_contract.log: OK
docs/qa/inventory_weapon_reload/astra_final/inventory_mutation_routing_contract_runner.json: OK
docs/qa/inventory_weapon_reload/astra_final/inventory_projection_contract.log: OK
docs/qa/inventory_weapon_reload/astra_final/inventory_projection_contract_runner.json: OK
docs/qa/inventory_weapon_reload/astra_final/inventory_ui_binding_contract.log: OK
docs/qa/inventory_weapon_reload/astra_final/inventory_ui_binding_contract_runner.json: OK
docs/qa/inventory_weapon_reload/astra_final/inventory_weapon_reload_contract.log: OK
docs/qa/inventory_weapon_reload/astra_final/inventory_weapon_reload_contract_runner.json: OK
docs/qa/inventory_weapon_reload/astra_final/native.log: OK
docs/qa/inventory_weapon_reload/astra_final/native_results.json: OK
docs/qa/inventory_weapon_reload/astra_final/native_runner.json: OK
docs/qa/inventory_weapon_reload/astra_final/native_suite.json: OK
docs/qa/inventory_weapon_reload/astra_final/native_timeline_1280x720.png: OK
docs/qa/inventory_weapon_reload/astra_final/prior_packet_integrity_after.log: OK
docs/qa/inventory_weapon_reload/astra_final/prior_packet_integrity_before.log: OK
docs/qa/inventory_weapon_reload/astra_final/process_cleanup.json: OK
docs/qa/inventory_weapon_reload/astra_final/production_direct_tick_search.log: OK
docs/qa/inventory_weapon_reload/astra_final/reviewed_hashes.json: OK
docs/qa/inventory_weapon_reload/astra_final/run_validation.py: OK
docs/qa/inventory_weapon_reload/astra_final/session_lifecycle_contract.log: OK
docs/qa/inventory_weapon_reload/astra_final/session_lifecycle_contract_runner.json: OK
docs/qa/inventory_weapon_reload/astra_final/spec_hashes.json: OK
docs/qa/inventory_weapon_reload/astra_final/spec_strict.log: OK
docs/qa/inventory_weapon_reload/astra_final/spec_strict_runner.json: OK
docs/qa/inventory_weapon_reload/astra_final/staging_status.log: OK
docs/qa/inventory_weapon_reload/astra_final/suites_suite.json: OK
docs/qa/inventory_weapon_reload/astra_final/units_clock_contract.log: OK
docs/qa/inventory_weapon_reload/astra_final/units_clock_contract_runner.json: OK
docs/qa/inventory_weapon_reload/astra_final/visual_review.json: OK
