docs/qa/inventory_weapon_reload/astra_gate/REPORT.md: OK
docs/qa/inventory_weapon_reload/astra_gate/authoring_history/independent_flow_1789054793562765000.log: OK
docs/qa/inventory_weapon_reload/astra_gate/authoring_history/independent_flow_1789054813905415000.log: OK
docs/qa/inventory_weapon_reload/astra_gate/authoring_history/independent_flow_1789054892481096000.log: OK
docs/qa/inventory_weapon_reload/astra_gate/authoring_history/magazine_probe_1789054988237998000.log: OK
docs/qa/inventory_weapon_reload/astra_gate/authoring_history/native_flow_1789054988944371000.log: OK
docs/qa/inventory_weapon_reload/astra_gate/authority_replay_contract.log: OK
docs/qa/inventory_weapon_reload/astra_gate/combined_addons_smoke.log: OK
docs/qa/inventory_weapon_reload/astra_gate/content_contract.log: OK
docs/qa/inventory_weapon_reload/astra_gate/dependency_hashes.json: OK
docs/qa/inventory_weapon_reload/astra_gate/diff_check.log: OK
docs/qa/inventory_weapon_reload/astra_gate/editor_import.log: OK
docs/qa/inventory_weapon_reload/astra_gate/equipped_item_reconciliation_contract.log: OK
docs/qa/inventory_weapon_reload/astra_gate/finalize_packet.py: OK
docs/qa/inventory_weapon_reload/astra_gate/flow_playthrough.gd: OK
docs/qa/inventory_weapon_reload/astra_gate/flow_results.json: OK
docs/qa/inventory_weapon_reload/astra_gate/gate_result.json: OK
docs/qa/inventory_weapon_reload/astra_gate/identity_contract.log: OK
docs/qa/inventory_weapon_reload/astra_gate/independent_flow.log: OK
docs/qa/inventory_weapon_reload/astra_gate/independent_run.json: OK
docs/qa/inventory_weapon_reload/astra_gate/inventory_authority_contract.log: OK
docs/qa/inventory_weapon_reload/astra_gate/inventory_catalog_contract.log: OK
docs/qa/inventory_weapon_reload/astra_gate/inventory_intent_adapter_contract.log: OK
docs/qa/inventory_weapon_reload/astra_gate/inventory_mutation_routing_contract.log: OK
docs/qa/inventory_weapon_reload/astra_gate/inventory_projection_contract.log: OK
docs/qa/inventory_weapon_reload/astra_gate/inventory_weapon_reload_contract.log: OK
docs/qa/inventory_weapon_reload/astra_gate/magazine_probe.gd: OK
docs/qa/inventory_weapon_reload/astra_gate/magazine_probe.log: OK
docs/qa/inventory_weapon_reload/astra_gate/magazine_probe_results.json: OK
docs/qa/inventory_weapon_reload/astra_gate/magazine_run.json: OK
docs/qa/inventory_weapon_reload/astra_gate/native_api.json: OK
docs/qa/inventory_weapon_reload/astra_gate/native_flow.log: OK
docs/qa/inventory_weapon_reload/astra_gate/native_flow_1280x720.png: OK
docs/qa/inventory_weapon_reload/astra_gate/native_flow_results.json: OK
docs/qa/inventory_weapon_reload/astra_gate/native_run.json: OK
docs/qa/inventory_weapon_reload/astra_gate/reviewed_hashes.json: OK
docs/qa/inventory_weapon_reload/astra_gate/run_gate.py: OK
docs/qa/inventory_weapon_reload/astra_gate/session_lifecycle_contract.log: OK
docs/qa/inventory_weapon_reload/astra_gate/suite_results.json: OK
