Godot Engine v4.7.2.stable.official.ed1daf0bf - https://godotengine.org
OpenGL API 4.1 Metal - 91.7 - Compatibility - Using Device: Apple - Apple M4 Pro

ASTRA_NATIVE_FLOW_CAPTURE state=health runtime=1920x1080_section_challenge extra={"clip":"[P: (0.0, 0.0), S: (0.0, 0.0)]","input":"explicit presentation tab staging","label":"[P: (52.0, 188.0), S: (476.0, 24.0)]","notice":"FIXTURE PREVIEW · LIVE HEALTH VALUES UNAVAILABLE","text_width":288.0}
ASTRA_NATIVE_FLOW_CAPTURE state=stats runtime=1920x1080_section_challenge extra={"clip":"[P: (0.0, 0.0), S: (0.0, 0.0)]","input":"explicit presentation tab staging","label":"[P: (48.0, 282.0), S: (480.0, 16.0)]","notice":"FIXTURE PREVIEW · LIVE PROGRESSION VALUES UNAVAILABLE","text_width":318.0}
ASTRA_NATIVE_FLOW_CAPTURE state=health runtime=1600x900_section_challenge extra={"clip":"[P: (0.0, 0.0), S: (0.0, 0.0)]","input":"explicit presentation tab staging","label":"[P: (52.0, 188.0), S: (476.0, 24.0)]","notice":"FIXTURE PREVIEW · LIVE HEALTH VALUES UNAVAILABLE","text_width":288.0}
ASTRA_NATIVE_FLOW_CAPTURE state=stats runtime=1600x900_section_challenge extra={"clip":"[P: (0.0, 0.0), S: (0.0, 0.0)]","input":"explicit presentation tab staging","label":"[P: (48.0, 282.0), S: (480.0, 16.0)]","notice":"FIXTURE PREVIEW · LIVE PROGRESSION VALUES UNAVAILABLE","text_width":318.0}
ASTRA_NATIVE_FLOW_CAPTURE state=health runtime=1280x720_section_challenge extra={"clip":"[P: (0.0, 0.0), S: (0.0, 0.0)]","input":"explicit presentation tab staging","label":"[P: (52.0, 188.0), S: (476.0, 24.0)]","notice":"FIXTURE PREVIEW · LIVE HEALTH VALUES UNAVAILABLE","text_width":288.0}
ASTRA_NATIVE_FLOW_CAPTURE state=stats runtime=1280x720_section_challenge extra={"clip":"[P: (0.0, 0.0), S: (0.0, 0.0)]","input":"explicit presentation tab staging","label":"[P: (48.0, 282.0), S: (480.0, 16.0)]","notice":"FIXTURE PREVIEW · LIVE PROGRESSION VALUES UNAVAILABLE","text_width":318.0}
ASTRA_NATIVE_FLOW_CAPTURE state=health runtime=960x540_section_challenge extra={"clip":"[P: (236.0, 164.0), S: (476.0, 24.0)]","input":"native compact section click","label":"[P: (236.0, 164.0), S: (476.0, 24.0)]","notice":"FIXTURE PREVIEW · LIVE HEALTH VALUES UNAVAILABLE","text_width":288.0}
ASTRA_NATIVE_FLOW_CAPTURE state=stats runtime=960x540_section_challenge extra={"clip":"[P: (232.0, 258.0), S: (480.0, 16.0)]","input":"native compact section click","label":"[P: (232.0, 258.0), S: (480.0, 16.0)]","notice":"FIXTURE PREVIEW · LIVE PROGRESSION VALUES UNAVAILABLE","text_width":318.0}
ASTRA_NATIVE_FLOW_CAPTURE state=closed_after_unrelated_receipt runtime=960x540_overlay_challenge extra={"receipt":{"accepted":true,"command_id":1099511627776,"destination_predecessor_revision":0,"destination_revision":1,"events":[{"destination_container":3,"item":6,"kind":10,"reference":0,"secondary_item":0,"source_container":7}],"inventory_command_id":1099511627776,"native_command_id":1099511627776,"native_status_code":0,"new_item_id":0,"operation":"inventory_loot","primary_item_id":6,"queued":false,"reason":"","remaining_quantity":0,"replayed":false,"request_id":"zerkov.request.ui.inventory.1.-9223371708004562874.raid.1","revisions":[{"inventory":1,"predecessor":0,"successor":1},{"inventory":3,"predecessor":4,"successor":5}],"secondary_item_id":0,"source_predecessor_revision":4,"source_revision":5,"status":{"code":0,"detail":0,"diagnostic":0,"ok":true},"transferred_quantity":60,"ui_binding_current":true,"ui_operation":"loot","ui_pending":false,"ui_pending_command_id":1099511627776,"ui_resolved":true,"ui_scope":"raid"}}
ASTRA_NATIVE_FLOW_CAPTURE state=removed_source runtime=960x540_overlay_challenge extra={"receipt":{"accepted":true,"command_id":1099511627777,"destination_predecessor_revision":1,"destination_revision":2,"events":[{"destination_container":1,"item":7,"kind":10,"reference":0,"secondary_item":0,"source_container":7}],"inventory_command_id":1099511627777,"native_command_id":1099511627777,"native_status_code":0,"new_item_id":0,"operation":"inventory_quick_transfer","primary_item_id":7,"queued":false,"reason":"","remaining_quantity":0,"replayed":false,"request_id":"zerkov.request.ui.inventory.1.-9223371708004562874.raid.2","revisions":[{"inventory":1,"predecessor":1,"successor":2},{"inventory":3,"predecessor":5,"successor":6}],"secondary_item_id":0,"source_predecessor_revision":5,"source_revision":6,"status":{"code":0,"detail":0,"diagnostic":0,"ok":true},"transferred_quantity":2,"ui_binding_current":true,"ui_operation":"quick_transfer","ui_pending":false,"ui_pending_command_id":1099511627777,"ui_resolved":true,"ui_scope":"raid"},"selected":{"base_height":1,"base_width":1,"category":"util","compatibility":"","container_id":1,"count":2,"definition_id":"zerkov.item.medical.bandage","h":1,"height":1,"icon":"res://assets/original/Bunker Items/Basic Bandages.png","icon_accessibility_label":"","icon_placeholder":false,"id":7,"inventory_id":1,"item_definition_identifier":"zerkov.item.medical.bandage","item_id":7,"kind":"medical","location":{"container":1,"kind":"spatial","rotated":false,"x":0,"y":0},"mapping_key":"raid/1/1/1","max_stack":4,"merge_key":"zerkov.item.medical.bandage","name":"Bandage","owner_generation":1,"quantity":2,"rotatable":false,"rotated":false,"scope":"raid","scope_generation":4,"short":"MEDICAL","state":"accepted-flash","w":1,"width":1,"x":0,"y":0}}
ASTRA_NATIVE_FLOW_CAPTURE state=later_receipt_still_closed runtime=960x540_overlay_challenge extra={"receipt":{"accepted":false,"command_id":0,"inventory_command_id":0,"native_command_id":0,"operation":"quick_transfer","queued":false,"reason":"stale_drag_target","replayed":false,"status":{"code":"command_rejected","reason":"stale_drag_target"},"ui_operation":"quick_transfer"}}
ASTRA_OVERLAY_SECTIONS_CHALLENGE_COMPLETE checks=106 failures=19
ERROR: INVENTORY_UI_BINDING_CONTRACT: bound health is rendered at (1920, 1080)
   at: push_error (core/variant/variant_utility.cpp:1023)
   GDScript backtrace (most recent call first):
       [0] check (res://tests/raid/inventory_ui_binding_contract.gd:73)
       [1] _disclosures (res://docs/qa/inventory_ui_binding/astra_final_accept/overlay_and_sections_challenge.gd:34)
       [2] settle (res://docs/qa/inventory_ui_binding/astra_final_accept/capture.gd:41)
ERROR: INVENTORY_UI_BINDING_CONTRACT: fixture disclosure intersects viewport and every clipping ancestor for health (1920, 1080)
   at: push_error (core/variant/variant_utility.cpp:1023)
   GDScript backtrace (most recent call first):
       [0] check (res://tests/raid/inventory_ui_binding_contract.gd:73)
       [1] _disclosures (res://docs/qa/inventory_ui_binding/astra_final_accept/overlay_and_sections_challenge.gd:35)
       [2] settle (res://docs/qa/inventory_ui_binding/astra_final_accept/capture.gd:41)
ERROR: INVENTORY_UI_BINDING_CONTRACT: complete disclosure fits its rendered label for health (1920, 1080)
   at: push_error (core/variant/variant_utility.cpp:1023)
   GDScript backtrace (most recent call first):
       [0] check (res://tests/raid/inventory_ui_binding_contract.gd:73)
       [1] _disclosures (res://docs/qa/inventory_ui_binding/astra_final_accept/overlay_and_sections_challenge.gd:36)
       [2] settle (res://docs/qa/inventory_ui_binding/astra_final_accept/capture.gd:41)
ERROR: INVENTORY_UI_BINDING_CONTRACT: bound stats is rendered at (1920, 1080)
   at: push_error (core/variant/variant_utility.cpp:1023)
   GDScript backtrace (most recent call first):
       [0] check (res://tests/raid/inventory_ui_binding_contract.gd:73)
       [1] _disclosures (res://docs/qa/inventory_ui_binding/astra_final_accept/overlay_and_sections_challenge.gd:34)
       [2] settle (res://docs/qa/inventory_ui_binding/astra_final_accept/capture.gd:41)
ERROR: INVENTORY_UI_BINDING_CONTRACT: fixture disclosure intersects viewport and every clipping ancestor for stats (1920, 1080)
   at: push_error (core/variant/variant_utility.cpp:1023)
   GDScript backtrace (most recent call first):
       [0] check (res://tests/raid/inventory_ui_binding_contract.gd:73)
       [1] _disclosures (res://docs/qa/inventory_ui_binding/astra_final_accept/overlay_and_sections_challenge.gd:35)
       [2] settle (res://docs/qa/inventory_ui_binding/astra_final_accept/capture.gd:41)
ERROR: INVENTORY_UI_BINDING_CONTRACT: complete disclosure fits its rendered label for stats (1920, 1080)
   at: push_error (core/variant/variant_utility.cpp:1023)
   GDScript backtrace (most recent call first):
       [0] check (res://tests/raid/inventory_ui_binding_contract.gd:73)
       [1] _disclosures (res://docs/qa/inventory_ui_binding/astra_final_accept/overlay_and_sections_challenge.gd:36)
       [2] settle (res://docs/qa/inventory_ui_binding/astra_final_accept/capture.gd:41)
ERROR: INVENTORY_UI_BINDING_CONTRACT: bound health is rendered at (1600, 900)
   at: push_error (core/variant/variant_utility.cpp:1023)
   GDScript backtrace (most recent call first):
       [0] check (res://tests/raid/inventory_ui_binding_contract.gd:73)
       [1] _disclosures (res://docs/qa/inventory_ui_binding/astra_final_accept/overlay_and_sections_challenge.gd:34)
       [2] settle (res://docs/qa/inventory_ui_binding/astra_final_accept/capture.gd:41)
ERROR: INVENTORY_UI_BINDING_CONTRACT: fixture disclosure intersects viewport and every clipping ancestor for health (1600, 900)
   at: push_error (core/variant/variant_utility.cpp:1023)
   GDScript backtrace (most recent call first):
       [0] check (res://tests/raid/inventory_ui_binding_contract.gd:73)
       [1] _disclosures (res://docs/qa/inventory_ui_binding/astra_final_accept/overlay_and_sections_challenge.gd:35)
       [2] settle (res://docs/qa/inventory_ui_binding/astra_final_accept/capture.gd:41)
ERROR: INVENTORY_UI_BINDING_CONTRACT: complete disclosure fits its rendered label for health (1600, 900)
   at: push_error (core/variant/variant_utility.cpp:1023)
   GDScript backtrace (most recent call first):
       [0] check (res://tests/raid/inventory_ui_binding_contract.gd:73)
       [1] _disclosures (res://docs/qa/inventory_ui_binding/astra_final_accept/overlay_and_sections_challenge.gd:36)
       [2] settle (res://docs/qa/inventory_ui_binding/astra_final_accept/capture.gd:41)
ERROR: INVENTORY_UI_BINDING_CONTRACT: bound stats is rendered at (1600, 900)
   at: push_error (core/variant/variant_utility.cpp:1023)
   GDScript backtrace (most recent call first):
       [0] check (res://tests/raid/inventory_ui_binding_contract.gd:73)
       [1] _disclosures (res://docs/qa/inventory_ui_binding/astra_final_accept/overlay_and_sections_challenge.gd:34)
       [2] settle (res://docs/qa/inventory_ui_binding/astra_final_accept/capture.gd:41)
ERROR: INVENTORY_UI_BINDING_CONTRACT: fixture disclosure intersects viewport and every clipping ancestor for stats (1600, 900)
   at: push_error (core/variant/variant_utility.cpp:1023)
   GDScript backtrace (most recent call first):
       [0] check (res://tests/raid/inventory_ui_binding_contract.gd:73)
       [1] _disclosures (res://docs/qa/inventory_ui_binding/astra_final_accept/overlay_and_sections_challenge.gd:35)
       [2] settle (res://docs/qa/inventory_ui_binding/astra_final_accept/capture.gd:41)
ERROR: INVENTORY_UI_BINDING_CONTRACT: complete disclosure fits its rendered label for stats (1600, 900)
   at: push_error (core/variant/variant_utility.cpp:1023)
   GDScript backtrace (most recent call first):
       [0] check (res://tests/raid/inventory_ui_binding_contract.gd:73)
       [1] _disclosures (res://docs/qa/inventory_ui_binding/astra_final_accept/overlay_and_sections_challenge.gd:36)
       [2] settle (res://docs/qa/inventory_ui_binding/astra_final_accept/capture.gd:41)
ERROR: INVENTORY_UI_BINDING_CONTRACT: bound health is rendered at (1280, 720)
   at: push_error (core/variant/variant_utility.cpp:1023)
   GDScript backtrace (most recent call first):
       [0] check (res://tests/raid/inventory_ui_binding_contract.gd:73)
       [1] _disclosures (res://docs/qa/inventory_ui_binding/astra_final_accept/overlay_and_sections_challenge.gd:34)
       [2] settle (res://docs/qa/inventory_ui_binding/astra_final_accept/capture.gd:41)
ERROR: INVENTORY_UI_BINDING_CONTRACT: fixture disclosure intersects viewport and every clipping ancestor for health (1280, 720)
   at: push_error (core/variant/variant_utility.cpp:1023)
   GDScript backtrace (most recent call first):
       [0] check (res://tests/raid/inventory_ui_binding_contract.gd:73)
       [1] _disclosures (res://docs/qa/inventory_ui_binding/astra_final_accept/overlay_and_sections_challenge.gd:35)
       [2] settle (res://docs/qa/inventory_ui_binding/astra_final_accept/capture.gd:41)
ERROR: INVENTORY_UI_BINDING_CONTRACT: complete disclosure fits its rendered label for health (1280, 720)
   at: push_error (core/variant/variant_utility.cpp:1023)
   GDScript backtrace (most recent call first):
       [0] check (res://tests/raid/inventory_ui_binding_contract.gd:73)
       [1] _disclosures (res://docs/qa/inventory_ui_binding/astra_final_accept/overlay_and_sections_challenge.gd:36)
       [2] settle (res://docs/qa/inventory_ui_binding/astra_final_accept/capture.gd:41)
ERROR: INVENTORY_UI_BINDING_CONTRACT: bound stats is rendered at (1280, 720)
   at: push_error (core/variant/variant_utility.cpp:1023)
   GDScript backtrace (most recent call first):
       [0] check (res://tests/raid/inventory_ui_binding_contract.gd:73)
       [1] _disclosures (res://docs/qa/inventory_ui_binding/astra_final_accept/overlay_and_sections_challenge.gd:34)
       [2] settle (res://docs/qa/inventory_ui_binding/astra_final_accept/capture.gd:41)
ERROR: INVENTORY_UI_BINDING_CONTRACT: fixture disclosure intersects viewport and every clipping ancestor for stats (1280, 720)
   at: push_error (core/variant/variant_utility.cpp:1023)
   GDScript backtrace (most recent call first):
       [0] check (res://tests/raid/inventory_ui_binding_contract.gd:73)
       [1] _disclosures (res://docs/qa/inventory_ui_binding/astra_final_accept/overlay_and_sections_challenge.gd:35)
       [2] settle (res://docs/qa/inventory_ui_binding/astra_final_accept/capture.gd:41)
ERROR: INVENTORY_UI_BINDING_CONTRACT: complete disclosure fits its rendered label for stats (1280, 720)
   at: push_error (core/variant/variant_utility.cpp:1023)
   GDScript backtrace (most recent call first):
       [0] check (res://tests/raid/inventory_ui_binding_contract.gd:73)
       [1] _disclosures (res://docs/qa/inventory_ui_binding/astra_final_accept/overlay_and_sections_challenge.gd:36)
       [2] settle (res://docs/qa/inventory_ui_binding/astra_final_accept/capture.gd:41)
ERROR: INVENTORY_UI_BINDING_CONTRACT: later unrelated command is genuinely accepted
   at: push_error (core/variant/variant_utility.cpp:1023)
   GDScript backtrace (most recent call first):
       [0] check (res://tests/raid/inventory_ui_binding_contract.gd:73)
       [1] _close_and_remove (res://docs/qa/inventory_ui_binding/astra_final_accept/overlay_and_sections_challenge.gd:85)
       [2] settle (res://docs/qa/inventory_ui_binding/astra_final_accept/capture.gd:41)
