Godot Engine v4.7.2.stable.official.ed1daf0bf - https://godotengine.org
OpenGL API 4.1 Metal - 91.7 - Compatibility - Using Device: Apple - Apple M4 Pro

ASTRA_REPAIR_P2_START
ASTRA_REPAIR_P2_OUTPUT (1920, 1080)
ASTRA_REPAIR_P2_RUNTIME_READY (1920, 1080)
ASTRA_REPAIR_P2_APP_READY (1920, 1080)
ASTRA_REPAIR_P2_BOUND (1920, 1080)
ASTRA_REPAIR_P2_LIVE_READY (1920, 1080)
ASTRA_REPAIR_P2_ART_READY (1920, 1080)
ASTRA_REPAIR_P2_STATUS_READY (1920, 1080)
ASTRA_REPAIR_CAPTURE 1920x1080_ready.png {"dimensions":[1920,1080],"extra":{"icons_checked":true},"image":"1920x1080_ready.png","output_size":[1920,1080],"pockets_rect":"[P: (568.0, 209.0), S: (296.0, 148.0)]","rig_header_rect":"[P: (568.0, 294.0), S: (72.0, 72.0)]","state":"ready","status":"READY · PROFILE READ-ONLY","status_fits":true,"status_pixel_rect":"[P: (1628.0, 133.0), S: (244.0, 23.0)]","status_rect":"[P: (1628.0, 133.0), S: (244.0, 23.0)]","status_tooltip":"LIVE · RAID MUTATIONS AVAILABLE · PROFILE READ-ONLY"}
ASTRA_REPAIR_P2_CAPTURE_READY (1920, 1080)
ASTRA_REPAIR_CAPTURE 1920x1080_rejected.png {"dimensions":[1920,1080],"extra":{"toast":"REJECTED · qa stale revision"},"image":"1920x1080_rejected.png","output_size":[1920,1080],"pockets_rect":"[P: (568.0, 209.0), S: (296.0, 148.0)]","rig_header_rect":"[P: (568.0, 294.0), S: (72.0, 72.0)]","state":"rejected","status":"READY · PROFILE READ-ONLY","status_fits":true,"status_pixel_rect":"[P: (1628.0, 133.0), S: (244.0, 23.0)]","status_rect":"[P: (1628.0, 133.0), S: (244.0, 23.0)]","status_tooltip":"LIVE · RAID MUTATIONS AVAILABLE · PROFILE READ-ONLY"}
ASTRA_REPAIR_CAPTURE 1920x1080_resynchronizing.png {"dimensions":[1920,1080],"extra":{},"image":"1920x1080_resynchronizing.png","output_size":[1920,1080],"pockets_rect":"[P: (568.0, 209.0), S: (296.0, 148.0)]","rig_header_rect":"[P: (568.0, 294.0), S: (72.0, 72.0)]","state":"resynchronizing","status":"MUTATIONS DISABLED · RESYNC","status_fits":true,"status_pixel_rect":"[P: (1628.0, 133.0), S: (244.0, 23.0)]","status_rect":"[P: (1628.0, 133.0), S: (244.0, 23.0)]","status_tooltip":"LIVE · MUTATIONS DISABLED · inventory is resynchronizing; mutations are paused"}
ASTRA_REPAIR_CAPTURE 1920x1080_disconnected.png {"dimensions":[1920,1080],"extra":{},"image":"1920x1080_disconnected.png","output_size":[1920,1080],"pockets_rect":"[P: (568.0, 209.0), S: (296.0, 148.0)]","rig_header_rect":"[P: (568.0, 294.0), S: (72.0, 72.0)]","state":"disconnected","status":"MUTATIONS DISABLED · DISCONNECTED","status_fits":true,"status_pixel_rect":"[P: (1628.0, 133.0), S: (244.0, 23.0)]","status_rect":"[P: (1628.0, 133.0), S: (244.0, 23.0)]","status_tooltip":"LIVE · MUTATIONS DISABLED · inventory is disconnected; authority state is unavailable"}
ASTRA_REPAIR_P2_OUTPUT (1600, 900)
ASTRA_REPAIR_P2_RUNTIME_READY (1600, 900)
ASTRA_REPAIR_P2_APP_READY (1600, 900)
ASTRA_REPAIR_P2_BOUND (1600, 900)
ASTRA_REPAIR_P2_LIVE_READY (1600, 900)
ASTRA_REPAIR_P2_ART_READY (1600, 900)
ASTRA_REPAIR_P2_STATUS_READY (1600, 900)
ASTRA_REPAIR_CAPTURE 1600x900_ready.png {"dimensions":[1600,900],"extra":{"icons_checked":true},"image":"1600x900_ready.png","output_size":[1600,900],"pockets_rect":"[P: (568.0, 209.0), S: (296.0, 148.0)]","rig_header_rect":"[P: (568.0, 294.0), S: (72.0, 72.0)]","state":"ready","status":"READY · PROFILE READ-ONLY","status_fits":true,"status_pixel_rect":"[P: (1356.667, 110.8333), S: (203.3333, 19.16667)]","status_rect":"[P: (1628.0, 133.0), S: (244.0, 23.0)]","status_tooltip":"LIVE · RAID MUTATIONS AVAILABLE · PROFILE READ-ONLY"}
ASTRA_REPAIR_P2_CAPTURE_READY (1600, 900)
ASTRA_REPAIR_CAPTURE 1600x900_rejected.png {"dimensions":[1600,900],"extra":{"toast":"REJECTED · qa stale revision"},"image":"1600x900_rejected.png","output_size":[1600,900],"pockets_rect":"[P: (568.0, 209.0), S: (296.0, 148.0)]","rig_header_rect":"[P: (568.0, 294.0), S: (72.0, 72.0)]","state":"rejected","status":"READY · PROFILE READ-ONLY","status_fits":true,"status_pixel_rect":"[P: (1356.667, 110.8333), S: (203.3333, 19.16667)]","status_rect":"[P: (1628.0, 133.0), S: (244.0, 23.0)]","status_tooltip":"LIVE · RAID MUTATIONS AVAILABLE · PROFILE READ-ONLY"}
ASTRA_REPAIR_CAPTURE 1600x900_resynchronizing.png {"dimensions":[1600,900],"extra":{},"image":"1600x900_resynchronizing.png","output_size":[1600,900],"pockets_rect":"[P: (568.0, 209.0), S: (296.0, 148.0)]","rig_header_rect":"[P: (568.0, 294.0), S: (72.0, 72.0)]","state":"resynchronizing","status":"MUTATIONS DISABLED · RESYNC","status_fits":true,"status_pixel_rect":"[P: (1356.667, 110.8333), S: (203.3333, 19.16667)]","status_rect":"[P: (1628.0, 133.0), S: (244.0, 23.0)]","status_tooltip":"LIVE · MUTATIONS DISABLED · inventory is resynchronizing; mutations are paused"}
ASTRA_REPAIR_CAPTURE 1600x900_disconnected.png {"dimensions":[1600,900],"extra":{},"image":"1600x900_disconnected.png","output_size":[1600,900],"pockets_rect":"[P: (568.0, 209.0), S: (296.0, 148.0)]","rig_header_rect":"[P: (568.0, 294.0), S: (72.0, 72.0)]","state":"disconnected","status":"MUTATIONS DISABLED · DISCONNECTED","status_fits":true,"status_pixel_rect":"[P: (1356.667, 110.8333), S: (203.3333, 19.16667)]","status_rect":"[P: (1628.0, 133.0), S: (244.0, 23.0)]","status_tooltip":"LIVE · MUTATIONS DISABLED · inventory is disconnected; authority state is unavailable"}
ASTRA_REPAIR_P2_OUTPUT (1280, 720)
ASTRA_REPAIR_P2_RUNTIME_READY (1280, 720)
ASTRA_REPAIR_P2_APP_READY (1280, 720)
ASTRA_REPAIR_P2_BOUND (1280, 720)
ASTRA_REPAIR_P2_LIVE_READY (1280, 720)
ASTRA_REPAIR_P2_ART_READY (1280, 720)
ASTRA_REPAIR_P2_STATUS_READY (1280, 720)
ASTRA_REPAIR_CAPTURE 1280x720_ready.png {"dimensions":[1280,720],"extra":{"icons_checked":true},"image":"1280x720_ready.png","output_size":[1280,720],"pockets_rect":"[P: (568.0, 209.0), S: (296.0, 148.0)]","rig_header_rect":"[P: (568.0, 294.0), S: (72.0, 72.0)]","state":"ready","status":"READY · PROFILE READ-ONLY","status_fits":true,"status_pixel_rect":"[P: (1085.333, 88.66667), S: (162.6667, 15.33333)]","status_rect":"[P: (1628.0, 133.0), S: (244.0, 23.0)]","status_tooltip":"LIVE · RAID MUTATIONS AVAILABLE · PROFILE READ-ONLY"}
ASTRA_REPAIR_P2_CAPTURE_READY (1280, 720)
ASTRA_REPAIR_CAPTURE 1280x720_rejected.png {"dimensions":[1280,720],"extra":{"toast":"REJECTED · qa stale revision"},"image":"1280x720_rejected.png","output_size":[1280,720],"pockets_rect":"[P: (568.0, 209.0), S: (296.0, 148.0)]","rig_header_rect":"[P: (568.0, 294.0), S: (72.0, 72.0)]","state":"rejected","status":"READY · PROFILE READ-ONLY","status_fits":true,"status_pixel_rect":"[P: (1085.333, 88.66667), S: (162.6667, 15.33333)]","status_rect":"[P: (1628.0, 133.0), S: (244.0, 23.0)]","status_tooltip":"LIVE · RAID MUTATIONS AVAILABLE · PROFILE READ-ONLY"}
ASTRA_REPAIR_CAPTURE 1280x720_resynchronizing.png {"dimensions":[1280,720],"extra":{},"image":"1280x720_resynchronizing.png","output_size":[1280,720],"pockets_rect":"[P: (568.0, 209.0), S: (296.0, 148.0)]","rig_header_rect":"[P: (568.0, 294.0), S: (72.0, 72.0)]","state":"resynchronizing","status":"MUTATIONS DISABLED · RESYNC","status_fits":true,"status_pixel_rect":"[P: (1085.333, 88.66667), S: (162.6667, 15.33333)]","status_rect":"[P: (1628.0, 133.0), S: (244.0, 23.0)]","status_tooltip":"LIVE · MUTATIONS DISABLED · inventory is resynchronizing; mutations are paused"}
ASTRA_REPAIR_CAPTURE 1280x720_disconnected.png {"dimensions":[1280,720],"extra":{},"image":"1280x720_disconnected.png","output_size":[1280,720],"pockets_rect":"[P: (568.0, 209.0), S: (296.0, 148.0)]","rig_header_rect":"[P: (568.0, 294.0), S: (72.0, 72.0)]","state":"disconnected","status":"MUTATIONS DISABLED · DISCONNECTED","status_fits":true,"status_pixel_rect":"[P: (1085.333, 88.66667), S: (162.6667, 15.33333)]","status_rect":"[P: (1628.0, 133.0), S: (244.0, 23.0)]","status_tooltip":"LIVE · MUTATIONS DISABLED · inventory is disconnected; authority state is unavailable"}
ASTRA_REPAIR_P2_OUTPUT (960, 540)
ASTRA_REPAIR_P2_RUNTIME_READY (960, 540)
ASTRA_REPAIR_P2_APP_READY (960, 540)
ASTRA_REPAIR_P2_BOUND (960, 540)
ASTRA_REPAIR_P2_LIVE_READY (960, 540)
ASTRA_REPAIR_P2_ART_READY (960, 540)
ASTRA_REPAIR_P2_STATUS_READY (960, 540)
ASTRA_REPAIR_CAPTURE 960x540_ready.png {"dimensions":[960,540],"extra":{"icons_checked":true},"image":"960x540_ready.png","output_size":[960,540],"pockets_rect":"[P: (160.0, 232.0), S: (296.0, 148.0)]","rig_header_rect":"[P: (160.0, 396.0), S: (340.0, 36.0)]","state":"ready","status":"READY · PROFILE READ-ONLY","status_fits":true,"status_pixel_rect":"[P: (456.0, 244.0), S: (344.0, 32.0)]","status_rect":"[P: (456.0, 244.0), S: (344.0, 32.0)]","status_tooltip":"LIVE · RAID MUTATIONS AVAILABLE · PROFILE READ-ONLY"}
ASTRA_REPAIR_P2_CAPTURE_READY (960, 540)
ASTRA_REPAIR_CAPTURE 960x540_rejected.png {"dimensions":[960,540],"extra":{"toast":"REJECTED · qa stale revision"},"image":"960x540_rejected.png","output_size":[960,540],"pockets_rect":"[P: (160.0, 232.0), S: (296.0, 148.0)]","rig_header_rect":"[P: (160.0, 396.0), S: (340.0, 36.0)]","state":"rejected","status":"READY · PROFILE READ-ONLY","status_fits":true,"status_pixel_rect":"[P: (456.0, 244.0), S: (344.0, 32.0)]","status_rect":"[P: (456.0, 244.0), S: (344.0, 32.0)]","status_tooltip":"LIVE · RAID MUTATIONS AVAILABLE · PROFILE READ-ONLY"}
ASTRA_REPAIR_CAPTURE 960x540_resynchronizing.png {"dimensions":[960,540],"extra":{},"image":"960x540_resynchronizing.png","output_size":[960,540],"pockets_rect":"[P: (160.0, 232.0), S: (296.0, 148.0)]","rig_header_rect":"[P: (160.0, 396.0), S: (340.0, 36.0)]","state":"resynchronizing","status":"MUTATIONS DISABLED · RESYNC","status_fits":true,"status_pixel_rect":"[P: (456.0, 244.0), S: (344.0, 32.0)]","status_rect":"[P: (456.0, 244.0), S: (344.0, 32.0)]","status_tooltip":"LIVE · MUTATIONS DISABLED · inventory is resynchronizing; mutations are paused"}
ASTRA_REPAIR_CAPTURE 960x540_disconnected.png {"dimensions":[960,540],"extra":{},"image":"960x540_disconnected.png","output_size":[960,540],"pockets_rect":"[P: (160.0, 232.0), S: (296.0, 148.0)]","rig_header_rect":"[P: (160.0, 396.0), S: (340.0, 36.0)]","state":"disconnected","status":"MUTATIONS DISABLED · DISCONNECTED","status_fits":true,"status_pixel_rect":"[P: (456.0, 244.0), S: (344.0, 32.0)]","status_rect":"[P: (456.0, 244.0), S: (344.0, 32.0)]","status_tooltip":"LIVE · MUTATIONS DISABLED · inventory is disconnected; authority state is unavailable"}
ASTRA_REPAIR_CAPTURE 960x540_compact_spacing.png {"dimensions":[960,540],"extra":{"overlap":"[P: (0.0, 0.0), S: (0.0, 0.0)]"},"image":"960x540_compact_spacing.png","output_size":[960,540],"pockets_rect":"[P: (160.0, 232.0), S: (296.0, 148.0)]","rig_header_rect":"[P: (160.0, 396.0), S: (340.0, 36.0)]","state":"compact_spacing","status":"MUTATIONS DISABLED · DISCONNECTED","status_fits":true,"status_pixel_rect":"[P: (456.0, 244.0), S: (344.0, 32.0)]","status_rect":"[P: (456.0, 244.0), S: (344.0, 32.0)]","status_tooltip":"LIVE · MUTATIONS DISABLED · inventory is disconnected; authority state is unavailable"}
ASTRA_REPAIR_P2_COMPLETE checks=299 failures=0
