 M game/content/zerkov_inventory_catalog.gd
?? docs/qa/inventory_ability_equipment/astra_final/authority_replay_contract.log
?? docs/qa/inventory_ability_equipment/astra_final/authority_replay_contract_runner.json
?? docs/qa/inventory_ability_equipment/astra_final/baseline.json
?? docs/qa/inventory_ability_equipment/astra_final/combined_addons_smoke.log
?? docs/qa/inventory_ability_equipment/astra_final/combined_addons_smoke_runner.json
?? docs/qa/inventory_ability_equipment/astra_final/content_contract.log
?? docs/qa/inventory_ability_equipment/astra_final/content_contract_runner.json
?? docs/qa/inventory_ability_equipment/astra_final/diff_check.log
?? docs/qa/inventory_ability_equipment/astra_final/diff_check_runner.json
?? docs/qa/inventory_ability_equipment/astra_final/editor_import.log
?? docs/qa/inventory_ability_equipment/astra_final/editor_import_runner.json
?? docs/qa/inventory_ability_equipment/astra_final/equipped_item_reconciliation_contract.log
?? docs/qa/inventory_ability_equipment/astra_final/equipped_item_reconciliation_contract_runner.json
?? docs/qa/inventory_ability_equipment/astra_final/external_isolation_1280x720.png
?? docs/qa/inventory_ability_equipment/astra_final/final_editor_import.log
?? docs/qa/inventory_ability_equipment/astra_final/final_editor_import_runner.json
?? docs/qa/inventory_ability_equipment/astra_final/finalize_packet.py
?? docs/qa/inventory_ability_equipment/astra_final/flow.log
?? docs/qa/inventory_ability_equipment/astra_final/flow_results.json
?? docs/qa/inventory_ability_equipment/astra_final/flow_runner.json
?? docs/qa/inventory_ability_equipment/astra_final/flow_suite.json
?? docs/qa/inventory_ability_equipment/astra_final/frozen_hashes.json
?? docs/qa/inventory_ability_equipment/astra_final/frozen_hashes_after.json
?? docs/qa/inventory_ability_equipment/astra_final/history/flow_1789069443010348000/flow.log
?? docs/qa/inventory_ability_equipment/astra_final/history/flow_1789069443010348000/flow_runner.json
?? docs/qa/inventory_ability_equipment/astra_final/history/flow_1789069443010348000/flow_suite.json
?? docs/qa/inventory_ability_equipment/astra_final/history/flow_1789069443010348000/independent_flow.gd
?? docs/qa/inventory_ability_equipment/astra_final/history/flow_1789069443010348000/run_validation.py
?? docs/qa/inventory_ability_equipment/astra_final/history/harness_authoring_attempt.md
?? docs/qa/inventory_ability_equipment/astra_final/history/initial_baseline_attempt.md
?? docs/qa/inventory_ability_equipment/astra_final/identity_contract.log
?? docs/qa/inventory_ability_equipment/astra_final/identity_contract_runner.json
?? docs/qa/inventory_ability_equipment/astra_final/independent_flow.gd
?? docs/qa/inventory_ability_equipment/astra_final/inventory_ability_reconciliation_contract.log
?? docs/qa/inventory_ability_equipment/astra_final/inventory_ability_reconciliation_contract_runner.json
?? docs/qa/inventory_ability_equipment/astra_final/inventory_authority_contract.log
?? docs/qa/inventory_ability_equipment/astra_final/inventory_authority_contract_runner.json
?? docs/qa/inventory_ability_equipment/astra_final/inventory_catalog_contract.log
?? docs/qa/inventory_ability_equipment/astra_final/inventory_catalog_contract_runner.json
?? docs/qa/inventory_ability_equipment/astra_final/inventory_intent_adapter_contract.log
?? docs/qa/inventory_ability_equipment/astra_final/inventory_intent_adapter_contract_runner.json
?? docs/qa/inventory_ability_equipment/astra_final/inventory_multi_controller_contract.log
?? docs/qa/inventory_ability_equipment/astra_final/inventory_multi_controller_contract_runner.json
?? docs/qa/inventory_ability_equipment/astra_final/inventory_mutation_routing_contract.log
?? docs/qa/inventory_ability_equipment/astra_final/inventory_mutation_routing_contract_runner.json
?? docs/qa/inventory_ability_equipment/astra_final/inventory_projection_contract.log
?? docs/qa/inventory_ability_equipment/astra_final/inventory_projection_contract_runner.json
?? docs/qa/inventory_ability_equipment/astra_final/inventory_ui_binding_contract.log
?? docs/qa/inventory_ability_equipment/astra_final/inventory_ui_binding_contract_runner.json
?? docs/qa/inventory_ability_equipment/astra_final/inventory_weapon_reload_contract.log
?? docs/qa/inventory_ability_equipment/astra_final/inventory_weapon_reload_contract_runner.json
?? docs/qa/inventory_ability_equipment/astra_final/native.log
?? docs/qa/inventory_ability_equipment/astra_final/native_results.json
?? docs/qa/inventory_ability_equipment/astra_final/native_runner.json
?? docs/qa/inventory_ability_equipment/astra_final/native_suite.json
?? docs/qa/inventory_ability_equipment/astra_final/ordinary_flow_1280x720.png
?? docs/qa/inventory_ability_equipment/astra_final/project_hashes_before.json
?? docs/qa/inventory_ability_equipment/astra_final/recovery_1280x720.png
?? docs/qa/inventory_ability_equipment/astra_final/reviewed_diff.patch
?? docs/qa/inventory_ability_equipment/astra_final/run_validation.py
?? docs/qa/inventory_ability_equipment/astra_final/session_lifecycle_contract.log
?? docs/qa/inventory_ability_equipment/astra_final/session_lifecycle_contract_runner.json
?? docs/qa/inventory_ability_equipment/astra_final/sibling_addons_after_verification.json
?? docs/qa/inventory_ability_equipment/astra_final/sibling_addons_before.json
?? docs/qa/inventory_ability_equipment/astra_final/spec_strict.log
?? docs/qa/inventory_ability_equipment/astra_final/spec_strict_runner.json
?? docs/qa/inventory_ability_equipment/astra_final/suites_suite.json
?? docs/qa/inventory_ability_equipment/astra_final/teardown_1280x720.png
?? docs/qa/inventory_ability_equipment/astra_final/units_clock_contract.log
?? docs/qa/inventory_ability_equipment/astra_final/units_clock_contract_runner.json
?? docs/qa/inventory_ability_equipment/astra_final/visual_review.json
?? game/content/zerkov_equipment_ability_content.gd
?? game/content/zerkov_equipment_ability_content.gd.uid
?? game/domain/ports/equipment_ability_participant_port.gd
?? game/domain/ports/equipment_ability_participant_port.gd.uid
?? game/inventory/equipment/gameplay_ability_equipment_port.gd
?? game/inventory/equipment/gameplay_ability_equipment_port.gd.uid
?? game/inventory/equipment/inventory_ability_adapter.gd
?? game/inventory/equipment/inventory_ability_adapter.gd.uid
?? tests/raid/inventory_ability_reconciliation_contract.gd
?? tests/raid/inventory_ability_reconciliation_contract.gd.uid
